// Jest Snapshot v1, https://goo.gl/fbAQLP

exports[`matches snapshot 1`] = `
<DocumentFragment>
  <main>
    <h5
      style="text-align: center;"
    >
      New Product
    </h5>
    <form
      class="mb-4"
    >
      <div
        class="form-group row"
      >
        <label
          class="col-sm-2 col-form-label"
          for="for-name"
        >
          Name
        </label>
        <div
          class="col-sm-10"
        >
          <input
            class="form-control"
            id="for-name"
            name="name"
            value=""
          />
        </div>
      </div>
      <div
        class="form-group row"
      >
        <label
          class="col-sm-2 col-form-label"
          for="for-image"
        >
          Image
        </label>
        <div
          class="col-sm-10"
        >
          <input
            class="form-control"
            id="for-image"
            name="image"
            value=""
          />
        </div>
      </div>
      <div
        class="form-group row"
      >
        <label
          class="col-sm-2 col-form-label"
          for="for-brand"
        >
          Brand
        </label>
        <div
          class="col-sm-10"
        >
          <input
            class="form-control"
            id="for-brand"
            name="brand"
            value=""
          />
        </div>
      </div>
      <div
        class="form-group row"
      >
        <label
          class="col-sm-2 col-form-label"
          for="for-price"
        >
          Price
        </label>
        <div
          class="col-sm-10"
        >
          <input
            class="form-control"
            id="for-price"
            name="price"
            type="number"
            value=""
          />
        </div>
      </div>
      <div
        class="form-group row"
      >
        <label
          class="col-sm-2 col-form-label"
          for="for-category"
        >
          Category
        </label>
        <div
          class="col-sm-10"
        >
          <input
            class="form-control"
            id="for-category"
            name="category"
            value=""
          />
        </div>
      </div>
      <div
        class="form-group row"
      >
        <label
          class="col-sm-2 col-form-label"
          for="for-count_in_stock"
        >
          In stock
        </label>
        <div
          class="col-sm-10"
        >
          <input
            class="form-control"
            id="for-count_in_stock"
            name="count_in_stock"
            type="number"
            value=""
          />
        </div>
      </div>
      <div
        class="form-group row"
      >
        <label
          class="col-sm-2 col-form-label"
          for="for-description"
        >
          Description
        </label>
        <div
          class="col-sm-10"
        >
          <textarea
            class="form-control"
            id="for-description"
            name="description"
          />
        </div>
      </div>
      <button
        class="btn btn-outline-primary float-right"
      >
         Save 
      </button>
      <button
        class="btn btn-outline-danger mr-2 float-right "
      >
         Cancel 
      </button>
    </form>
  </main>
</DocumentFragment>
`;
