// Jest Snapshot v1, https://goo.gl/fbAQLP

exports[`matches snapshot 1`] = `
<DocumentFragment>
  <div>
    <p>
      <b />
      <br />
      <small>
         out of 5 
      </small>
      <br />
    </p>
  </div>
</DocumentFragment>
`;
