// Jest Snapshot v1, https://goo.gl/fbAQLP

exports[`matches snapshot 1`] = `
<DocumentFragment>
  <div>
    <div
      class="card"
    >
      <div
        class="card-body"
      >
        <form>
          <div
            class="form-group row"
          >
            <label
              class="col-sm-2"
              for="for-title"
            >
              Title
            </label>
            <div
              class="col-sm-10"
            >
              <input
                class="form-control"
                id="for-title"
                name="title"
                value=""
              />
            </div>
          </div>
          <div
            class="form-group row"
          >
            <label
              class="col-sm-2"
              for="for-rating"
            >
              Rating
            </label>
            <div
              class="col-sm-10"
            >
              <input
                class="form-control"
                id="for-rating"
                name="rating"
                type="number"
                value=""
              />
            </div>
          </div>
          <div
            class="form-group row"
          >
            <label
              class="col-sm-2"
              for="for-comment"
            >
              Comment
            </label>
            <div
              class="col-sm-10"
            >
              <textarea
                class="form-control"
                id="for-comment"
                name="comment"
              />
            </div>
          </div>
          <button
            class="btn btn-outline-primary float-right"
            type="submit"
          >
            Add review
          </button>
        </form>
      </div>
    </div>
  </div>
</DocumentFragment>
`;
