// Jest Snapshot v1, https://goo.gl/fbAQLP

exports[`matches snapshot 1`] = `
<DocumentFragment>
  <div>
    <form>
      <div
        class="form-group row"
      >
        <label
          class="col-sm-2"
          for="for-address"
        >
          Address
        </label>
        <div
          class="col-sm-10"
        >
          <input
            class="form-control"
            id="for-address"
            name="address"
            value=""
          />
        </div>
      </div>
      <div
        class="form-group row"
      >
        <label
          class="col-sm-2"
          for="for-city"
        >
          City
        </label>
        <div
          class="col-sm-10"
        >
          <input
            class="form-control"
            id="for-city"
            name="city"
            value=""
          />
        </div>
      </div>
      <div
        class="form-group row"
      >
        <label
          class="col-sm-2"
          for="for-zip_code"
        >
          Zip code
        </label>
        <div
          class="col-sm-10"
        >
          <input
            class="form-control"
            id="for-zip_code"
            name="zip_code"
            value=""
          />
        </div>
      </div>
      <button
        class="btn btn-outline-primary float-right"
        type="submit"
      >
        Add Shipping
      </button>
    </form>
  </div>
</DocumentFragment>
`;
