// Jest Snapshot v1, https://goo.gl/fbAQLP

exports[`should match  the snapshot 1`] = `<DocumentFragment />`;

exports[`should match whenever user logged out 1`] = `<DocumentFragment />`;
