// Jest Snapshot v1, https://goo.gl/fbAQLP

exports[`matches snapshot 1`] = `
<DocumentFragment>
  <div>
    <div
      class="col-md-6 col-lg-4 offset-md-3 offset-md-4"
    >
      <div
        class="btn-group"
      >
        <button
          class="btn btn-outline-info active "
        >
          Login
        </button>
        <button
          class="btn btn-outline-info  "
        >
          Signup
        </button>
      </div>
    </div>
    <div
      class="col-md-6 col-lg-4 offset-md-3 offset-md-4"
    >
      <div
        class="card"
      >
        <div
          class="card-body"
        >
          <form>
            <div
              class="form-group row"
            >
              <label
                class="col-sm-4"
                for="for-username"
              >
                Username
              </label>
              <div
                class="col-sm-8"
              >
                <input
                  class="form-control"
                  id="for-username"
                  name="username"
                  value=""
                />
              </div>
            </div>
            <div
              class="form-group row"
            >
              <label
                class="col-sm-4"
                for="for-password"
              >
                Password
              </label>
              <div
                class="col-sm-8"
              >
                <input
                  class="form-control"
                  id="for-password"
                  name="password"
                  type="password"
                  value=""
                />
              </div>
            </div>
            <button
              class="btn btn-outline-primary float-right"
              type="submit"
            >
              Submit
            </button>
          </form>
        </div>
      </div>
    </div>
  </div>
</DocumentFragment>
`;
