// Jest Snapshot v1, https://goo.gl/fbAQLP

exports[`matches snapshot 1`] = `
<DocumentFragment>
  <div
    class="col-md-6 col-lg-4 offset-md-3 offset-md-4"
  >
    <h4>
      Profile
    </h4>
    <div
      class="card"
    >
      <div
        class="card-body"
      >
        <form>
          <div
            class="form-group row"
          >
            <label
              class="col-sm-4"
              for="for-username"
            >
              Username
            </label>
            <div
              class="col-sm-8"
            >
              <p>
                 
                <b>
                  testing
                </b>
              </p>
            </div>
          </div>
          <div
            class="form-group row"
          >
            <label
              class="col-sm-4"
              for="for-firstname"
            >
              First name
            </label>
            <div
              class="col-sm-8"
            >
              <input
                class="form-control"
                id="for-firstname"
                name="first_name"
                value="testing"
              />
            </div>
          </div>
          <div
            class="form-group row"
          >
            <label
              class="col-sm-4"
              for="for-lastname"
            >
              Last name
            </label>
            <div
              class="col-sm-8"
            >
              <input
                class="form-control"
                id="for-lastname"
                name="last_name"
                value="testing"
              />
            </div>
          </div>
          <div
            class="form-group row"
          >
            <label
              class="col-sm-4"
              for="for-email"
            >
              Email
            </label>
            <div
              class="col-sm-8"
            >
              <input
                class="form-control"
                id="for-email"
                name="email"
                value="testing@gmail.com"
              />
            </div>
          </div>
          <div
            class="form-group row"
          >
            <label
              class="col-sm-4"
              for="for-password"
            >
              Password
            </label>
            <div
              class="col-sm-8"
            >
              <input
                class="form-control"
                id="for-password"
                name="password"
                type="password"
                value=""
              />
            </div>
          </div>
          <button
            class="btn btn-outline-primary float-right mt-4"
          >
            Update
          </button>
        </form>
      </div>
    </div>
  </div>
</DocumentFragment>
`;
